e7g7# 999 @ 1
h5f7+ 999 @ 3
e7e8q# 999 @ 1
c6e7+ 999 @ 3
